ok - a remote-seeded secondmate home allocates and launches from its Treehouse pool
ok - spawn persists the custom crew branch in task metadata
ok - spawn refuses an occupied custom crew branch before allocation
ok - spawn refuses a crew branch occupied on origin before allocation
ok - spawn resolves origin's default before accepting a custom crew branch
ok - spawn refuses a crew branch already assigned to another task
ok - spawn refuses a custom crew branch equal to the requested base
ok - spawn refuses the implicit crew branch equal to the requested base
ok - a Treehouse slot claim names the launched task, refuses when unclaimable, and is dropped by a locked abort
ok - linked spawning home: primary preserves the primary before any refresh
ok - linked spawning home: primary-alias preserves the primary before any refresh
ok - linked spawning home: spawning preserves the primary before any refresh
ok - linked spawning home: scout preserves the primary before any refresh
ok - a stale pooled worktree refreshes to current origin/main before a crew branch is created
ok - a stale pooled worktree resolves and refreshes a non-main default branch
ok - direct-PR ships and scouts both refresh stale pooled worktrees before launch
ok - a dirty pooled worktree is refused without discarding its local work
ok - an unresolved remote default branch refuses the pooled worktree
ok - an unreachable origin refuses fresh allocation before pool access
ok - an origin-less pooled worktree launches as-is, skipping the freshness gate
ok - a dirty origin-less pooled worktree is refused without discarding its local work
ok - an origin configuration without a URL refuses the pooled worktree
ok - an empty origin configuration section refuses the pooled worktree
ok - an empty-only included origin section documents the accepted detection boundary
ok - an inactive conditional origin include leaves the pooled worktree origin-less
ok - an origin-less pool with a stale submodule pin refuses while naming both pins and no remedy
ok - an unpushed submodule commit keeps the uncommitted-work refusal and survives it
ok - work inside a submodule is still refused as uncommitted work, not called stale
ok - a stale pin carrying real work is refused conservatively, never called stale
ok - a stale pin beside other dirt yields the conservative refusal alone, with no stale-pin line
ok - spawn --base-branch resets the pooled worktree to the named origin tip
ok - legacy briefs refuse named-base launches without a base contract
ok - omitting --base-branch keeps default-branch freshen and does not record a PR target
ok - local-only spawn --base-branch uses a local branch when origin lacks it
ok - scout --base-branch uses a local branch when origin lacks it
ok - local-only spawn prefers the local named base over origin
ok - PR delivery modes refuse a named base missing from origin
ok - a failed remote base fetch refuses instead of falling back to local
ok - a nonexistent --base-branch refuses without falling back to the default
ok - origin-less --base-branch uses a local branch or refuses, never skips
ok - --relaunch, --secondmate, and backend=orca refuse --base-branch
ok - local-only --base-branch refuses when the base exists only on origin
ok - scout spawn honors a matching --base-branch contract from Definition of done
ok - spawn refuses a custom crew branch equal to the project default
# all fm-spawn-pool-base-freshen tests passed
