ok - fm-brief: named crew and base branches render into launch, PR, and landing text
ok - fm-brief: unusable crew and base selections are refused
ok - project locking resolves an origin-less bare repository
ok - fm-spawn: named base and crew-branch occupancy are refused before launch
●━━━━━━━━━━━━━━━━━━━━━━━━━━━━━━━━━━━━━━━━━━━━━━━━━━━━━━━━━━━━━━━━━━━━━━━
●  WATCHER DOWN - SUPERVISION IS OFF
●  1 task(s) in flight, but no watcher has a fresh beacon (last beat: never, grace 300s).
●  Trust the emitted supervision protocol for this harness; do not use shell & for watcher repair.
●  This is a supervision warning only; the guarded operation WILL still run.
●  repair missing watcher supervision according to the session-start block for this harness; do not use shell &.
●━━━━━━━━━━━━━━━━━━━━━━━━━━━━━━━━━━━━━━━━━━━━━━━━━━━━━━━━━━━━━━━━━━━━━━━
warn: no registry at /private/var/folders/9_/lqnhn5_j6vz053wzxq2mk9rm0000gn/T/fm-named-branches.xb42cq/promote/home/data/projects.md; defaulting project to no-mistakes off
ok - fm-promote: a named crew branch and base survive promotion
WARNING: watcher still down (same stale episode; last beat: never, grace 300s) - full banner already printed this episode.
warn: no registry at /private/var/folders/9_/lqnhn5_j6vz053wzxq2mk9rm0000gn/T/fm-named-branches.xb42cq/promote-refuse/home/data/projects.md; defaulting project to no-mistakes off
warning: remote HEAD refers to nonexistent ref, unable to checkout
WARNING: watcher still down (same stale episode; last beat: never, grace 300s) - full banner already printed this episode.
warn: no registry at /private/var/folders/9_/lqnhn5_j6vz053wzxq2mk9rm0000gn/T/fm-named-branches.xb42cq/promote-refuse/home/data/projects.md; defaulting project to no-mistakes off
ok - fm-promote: changed bases and occupied crew branches are refused
●━━━━━━━━━━━━━━━━━━━━━━━━━━━━━━━━━━━━━━━━━━━━━━━━━━━━━━━━━━━━━━━━━━━━━━━
●  WATCHER DOWN - SUPERVISION IS OFF
●  1 task(s) in flight, but no watcher has a fresh beacon (last beat: never, grace 300s).
●  Trust the emitted supervision protocol for this harness; do not use shell & for watcher repair.
●  This is a supervision warning only; the guarded operation WILL still run.
●  repair missing watcher supervision according to the session-start block for this harness; do not use shell &.
●━━━━━━━━━━━━━━━━━━━━━━━━━━━━━━━━━━━━━━━━━━━━━━━━━━━━━━━━━━━━━━━━━━━━━━━
ok - fm-merge-local: a recorded base is the landing branch
ok - fm-merge-local: a linked landing checkout is protected
ok - fm-merge-local: a bare linked landing checkout is protected
●━━━━━━━━━━━━━━━━━━━━━━━━━━━━━━━━━━━━━━━━━━━━━━━━━━━━━━━━━━━━━━━━━━━━━━━
●  WATCHER DOWN - SUPERVISION IS OFF
●  1 task(s) in flight, but no watcher has a fresh beacon (last beat: never, grace 300s).
●  Trust the emitted supervision protocol for this harness; do not use shell & for watcher repair.
●  This is a supervision warning only; the guarded operation WILL still run.
●  repair missing watcher supervision according to the session-start block for this harness; do not use shell &.
●━━━━━━━━━━━━━━━━━━━━━━━━━━━━━━━━━━━━━━━━━━━━━━━━━━━━━━━━━━━━━━━━━━━━━━━
ok - fm-merge-local: a bare repository fast-forwards the recorded base
●━━━━━━━━━━━━━━━━━━━━━━━━━━━━━━━━━━━━━━━━━━━━━━━━━━━━━━━━━━━━━━━━━━━━━━━
●  WATCHER DOWN - SUPERVISION IS OFF
●  1 task(s) in flight, but no watcher has a fresh beacon (last beat: never, grace 300s).
●  Trust the emitted supervision protocol for this harness; do not use shell & for watcher repair.
●  This is a supervision warning only; the guarded operation WILL still run.
●  repair missing watcher supervision according to the session-start block for this harness; do not use shell &.
●━━━━━━━━━━━━━━━━━━━━━━━━━━━━━━━━━━━━━━━━━━━━━━━━━━━━━━━━━━━━━━━━━━━━━━━
WARNING: watcher still down (same stale episode; last beat: never, grace 300s) - full banner already printed this episode.
ok - fm-review-diff: a recorded base is the compare ref
●━━━━━━━━━━━━━━━━━━━━━━━━━━━━━━━━━━━━━━━━━━━━━━━━━━━━━━━━━━━━━━━━━━━━━━━
●  WATCHER DOWN - SUPERVISION IS OFF
●  1 task(s) in flight, but no watcher has a fresh beacon (last beat: never, grace 300s).
●  Trust the emitted supervision protocol for this harness; do not use shell & for watcher repair.
●  This is a supervision warning only; the guarded operation WILL still run.
●  repair missing watcher supervision according to the session-start block for this harness; do not use shell &.
●━━━━━━━━━━━━━━━━━━━━━━━━━━━━━━━━━━━━━━━━━━━━━━━━━━━━━━━━━━━━━━━━━━━━━━━
ok - fm-review-diff: a scout uses its local named base when origin lacks it
